// Jest Snapshot v1, https://goo.gl/fbAQLP

exports[`RadioButtons should match snapshot 1`] = `
<View
  style={
    {
      "gap": 8,
    }
  }
>
  <Text>
    The label
  </Text>
  <View
    style={
      {
        "borderColor": "gray",
        "borderWidth": 1,
        "flexDirection": "row",
      }
    }
  >
    <View
      accessibilityState={
        {
          "busy": undefined,
          "checked": undefined,
          "disabled": undefined,
          "expanded": undefined,
          "selected": undefined,
        }
      }
      accessibilityValue={
        {
          "max": undefined,
          "min": undefined,
          "now": undefined,
          "text": undefined,
        }
      }
      accessible={true}
      collapsable={false}
      focusable={true}
      onBlur={[Function]}
      onClick={[Function]}
      onFocus={[Function]}
      onResponderGrant={[Function]}
      onResponderMove={[Function]}
      onResponderRelease={[Function]}
      onResponderTerminate={[Function]}
      onResponderTerminationRequest={[Function]}
      onStartShouldSetResponder={[Function]}
      style={
        [
          {
            "alignItems": "center",
            "backgroundColor": "transparent",
            "flex": 1,
            "justifyContent": "center",
            "paddingVertical": 16,
          },
          false,
        ]
      }
    >
      <Text
        style={false}
      >
        label1
      </Text>
    </View>
    <View
      accessibilityState={
        {
          "busy": undefined,
          "checked": undefined,
          "disabled": undefined,
          "expanded": undefined,
          "selected": undefined,
        }
      }
      accessibilityValue={
        {
          "max": undefined,
          "min": undefined,
          "now": undefined,
          "text": undefined,
        }
      }
      accessible={true}
      collapsable={false}
      focusable={true}
      onBlur={[Function]}
      onClick={[Function]}
      onFocus={[Function]}
      onResponderGrant={[Function]}
      onResponderMove={[Function]}
      onResponderRelease={[Function]}
      onResponderTerminate={[Function]}
      onResponderTerminationRequest={[Function]}
      onStartShouldSetResponder={[Function]}
      style={
        [
          {
            "alignItems": "center",
            "backgroundColor": "transparent",
            "flex": 1,
            "justifyContent": "center",
            "paddingVertical": 16,
          },
          {
            "backgroundColor": "#ADD8E6",
          },
        ]
      }
    >
      <Text
        style={
          {
            "fontWeight": "bold",
          }
        }
      >
        label2
      </Text>
    </View>
  </View>
</View>
`;
